W 0 503447557 4
W 1 505544705 4
